[skote-v-light.react.themesbrand.com/index.html]
[skote-v-light.react.themesbrand.com/favicon.ico]
[skote-v-light.react.themesbrand.com/logo192.png]
[skote-v-light.react.themesbrand.com/manifest.json]
[backblue.gif]
[fade.gif]
[index.html]
[unpkg.com/boxicons@2.0.7/css/boxicons.min.css]
[skote-v-light.react.themesbrand.com/index.html]
[unpkg.com/boxicons@2.0.7/css/boxicons.min.css]
[skote-v-light.react.themesbrand.com/static/css/main.19f099ff.css]
[skote-v-light.react.themesbrand.com/static/js/main.f8acb04c.js]
[skote-v-light.react.themesbrand.com/static/media/materialdesignicons-webfont.52adde0de9840940801f.eot]
[skote-v-light.react.themesbrand.com/static/media/materialdesignicons-webfont.52adde0de9840940801fd41d.eot]
[skote-v-light.react.themesbrand.com/static/media/materialdesignicons-webfont.d06df622bc47f0db9812.woff]
[skote-v-light.react.themesbrand.com/static/media/materialdesignicons-webfont.506bc8215df8660d8f04.ttf]
[skote-v-light.react.themesbrand.com/static/media/boxicons.6829ebb16362074c0c30.eot]
[skote-v-light.react.themesbrand.com/static/media/boxicons.dcaf6a260cca4a061aff.woff]
[skote-v-light.react.themesbrand.com/static/media/boxicons.e2ffa5b9254ec286b380.ttf]
[skote-v-light.react.themesbrand.com/static/media/dripicons-v2.7f392f1e4787b46b3e8b.eot]
[skote-v-light.react.themesbrand.com/static/media/dripicons-v2.f19dcc0358afed69d277.woff]
[skote-v-light.react.themesbrand.com/static/media/dripicons-v2.7f392f1e4787b46b3e8bd41d.eot]
[skote-v-light.react.themesbrand.com/static/media/dripicons-v2.09c9c870ef8f9cffcc8f.ttf]
[skote-v-light.react.themesbrand.com/static/media/img1.5d30e3f4cf09febf3210.jpg]
[skote-v-light.react.themesbrand.com/static/media/img2.f153f12dacfe151b2252.jpg]
[skote-v-light.react.themesbrand.com/static/media/img3.38bebc7dfdc8241c03e0.jpg]
[skote-v-light.react.themesbrand.com/static/media/img4.508ca4874d8a165b631e.jpg]
[skote-v-light.react.themesbrand.com/static/media/fa-brands-400.607a77859353c0cc1882.eot]
[skote-v-light.react.themesbrand.com/static/media/fa-brands-400.607a77859353c0cc1882d41d.eot]
[skote-v-light.react.themesbrand.com/static/media/fa-brands-400.ee26f57bc9e3619b022b.woff]
[skote-v-light.react.themesbrand.com/static/media/fa-brands-400.5818bbd07dfd7095920a.ttf]
[skote-v-light.react.themesbrand.com/static/media/fa-regular-400.0747be4cba2f8600544f.eot]
[skote-v-light.react.themesbrand.com/static/media/fa-regular-400.0747be4cba2f8600544fd41d.eot]
[skote-v-light.react.themesbrand.com/static/media/fa-regular-400.8b892b7904a39e37c53d.woff]
[skote-v-light.react.themesbrand.com/static/media/fa-regular-400.c3146b3524e97475c094.ttf]
[skote-v-light.react.themesbrand.com/static/media/fa-solid-900.7eefe04dc985dd4ad38b.eot]
[skote-v-light.react.themesbrand.com/static/media/fa-solid-900.7eefe04dc985dd4ad38bd41d.eot]
[skote-v-light.react.themesbrand.com/static/media/fa-solid-900.a940d584750708f5435c.woff]
[skote-v-light.react.themesbrand.com/static/media/fa-solid-900.32267f3b4db33a7c85ee.ttf]
[skote-v-light.react.themesbrand.com/static/media/bg-auth-overlay.175b126e218595495c96.png]
[skote-v-light.react.themesbrand.com/static/media/bg-ico-hero.cde983ac0533e70808fe.jpg]
[skote-v-light.react.themesbrand.com/static/css/main.19f099ff.css]
[skote-v-light.react.themesbrand.com/static/media/materialdesignicons-webfont.6147fc3741c622c5de2c.html]
[skote-v-light.react.themesbrand.com/static/media/boxicons.c6d7d0356c53c17d21be.html]
[skote-v-light.react.themesbrand.com/static/media/boxicons.5e81160c5f41fcc12b38d41d.svg]
[skote-v-light.react.themesbrand.com/static/media/dripicons-v2.4cecedd188b606da855d.svg]
[skote-v-light.react.themesbrand.com/static/media/fa-brands-400.31015e861aeb30ff8355.html]
[skote-v-light.react.themesbrand.com/static/media/fa-brands-400.3c45c98f6f6c1b009c08.svg]
[skote-v-light.react.themesbrand.com/static/media/fa-regular-400.c52405129ae48097815d.html]
[skote-v-light.react.themesbrand.com/static/media/fa-regular-400.ab47faeab8ddc5f809ec.svg]
[skote-v-light.react.themesbrand.com/static/media/fa-solid-900.9451d5fee89b51a20f8a.html]
[skote-v-light.react.themesbrand.com/static/media/fa-solid-900.18df003f90a7f1313b98.svg]
