[codedthemes.com/demos/admin-templates/materially/react/default/dashboard/default.html]
[backblue.gif]
[fade.gif]
[index.html]
[codedthemes.com/demos/admin-templates/materially/react/default/static/css/23.4cec5aa3.chunk.css]
[codedthemes.com/demos/admin-templates/materially/react/default/static/css/main.943b03cb.chunk.css]
[codedthemes.com/demos/admin-templates/materially/react/default/static/js/23.35547ade.chunk.js]
[codedthemes.com/demos/admin-templates/materially/react/default/static/js/main.f76f654d.chunk.js]
[codedthemes.com/demos/admin-templates/materially/react/default/dashboard/default.html]
[codedthemes.com/demos/admin-templates/materially/react/default/static/css/23.4cec5aa3.chunk.css]
[codedthemes.com/demos/admin-templates/materially/react/default/static/css/main.943b03cb.chunk.css]
[codedthemes.com/cdn-cgi/challenge-platform/h/g/scripts/alpha/invisible5615.js]
[codedthemes.com/demos/admin-templates/materially/react/default/dashboard/Trident/index.html]
[codedthemes.com/demos/admin-templates/materially/react/default/dashboard/opera/index.html]
[www.google.com/recaptcha/apid41d.js]
[codedthemes.com/demos/admin-templates/materially/react/default/dashboard/trident/index-2.html]
[codedthemes.com/demos/admin-templates/materially/react/default/dashboard/opr/index.html]
[codedthemes.com/demos/admin-templates/materially/react/default/dashboard/opios/index.html]
[codedthemes.com/demos/admin-templates/materially/react/default/dashboard/t.html]
[codedthemes.com/demos/admin-templates/materially/react/default/dashboard/silk/index.html]
[codedthemes.com/demos/admin-templates/materially/react/default/dashboard/chrome/index.html]
[codedthemes.com/demos/admin-templates/materially/react/default/dashboard/e.html]
[codedthemes.com/demos/admin-templates/materially/react/default/dashboard/safari/index.html]
[codedthemes.com/demos/admin-templates/materially/react/default/dashboard/crios/index.html]
[codedthemes.com/demos/admin-templates/materially/react/default/dashboard/edge/index.html]
[codedthemes.com/demos/admin-templates/materially/react/default/dashboard/auth/index.html]
[codedthemes.com/demos/admin-templates/materially/react/default/static/js/23.35547ade.chunk.js]
[codedthemes.com/demos/admin-templates/materially/react/default/static/js/main.f76f654d.chunk.js]
[codedthemes.com/demos/admin-templates/materially/react/default/dashboard/Trident/index.html]
[codedthemes.com/demos/admin-templates/materially/react/default/dashboard/opera/index.html]
[codedthemes.com/demos/admin-templates/materially/react/default/dashboard/opr/index.html]
[codedthemes.com/demos/admin-templates/materially/react/default/dashboard/opios/index.html]
[codedthemes.com/demos/admin-templates/materially/react/default/dashboard/trident/index-2.html]
[codedthemes.com/demos/admin-templates/materially/react/default/dashboard/edge/index.html]
[codedthemes.com/demos/admin-templates/materially/react/default/dashboard/silk/index.html]
[codedthemes.com/demos/admin-templates/materially/react/default/dashboard/chrome/index.html]
[codedthemes.com/demos/admin-templates/materially/react/default/dashboard/safari/index.html]
[codedthemes.com/demos/admin-templates/materially/react/default/dashboard/crios/index.html]
[codedthemes.com/demos/admin-templates/materially/react/default/dashboard/auth/index.html]
[codedthemes.com/demos/admin-templates/materially/react/default/dashboard/chrome-extension_/index.html]
[codedthemes.com/demos/admin-templates/materially/react/default/dashboard/t.html]
[codedthemes.com/demos/admin-templates/materially/react/default/dashboard/chrome-extension_/index.html]
[codedthemes.com/demos/admin-templates/materially/react/default/dashboard/e.html]
[codedthemes.com/cdn-cgi/challenge-platform/h/g/scripts/cb/invisibled6ae.js]
