[minia-v-light.react.themesbrand.com/dashboard.html]
[minia-v-light.react.themesbrand.com/favicon.ico]
[minia-v-light.react.themesbrand.com/logo192.png]
[minia-v-light.react.themesbrand.com/manifest.json]
[backblue.gif]
[fade.gif]
[index.html]
[cdnjs.cloudflare.com/ajax/libs/slick-carousel/1.6.0/slick.min.css]
[cdnjs.cloudflare.com/ajax/libs/slick-carousel/1.6.0/slick-theme.min.css]
[minia-v-light.react.themesbrand.com/dashboard.html]
[cdnjs.cloudflare.com/ajax/libs/slick-carousel/1.6.0/slick.min.css]
[cdnjs.cloudflare.com/ajax/libs/slick-carousel/1.6.0/ajax-loader.gif]
[cdnjs.cloudflare.com/ajax/libs/slick-carousel/1.6.0/fonts/slick.eot]
[minia-v-light.react.themesbrand.com/static/css/main.ffd6950f.css]
[cdnjs.cloudflare.com/ajax/libs/slick-carousel/1.6.0/fonts/slickd41d.eot]
[cdnjs.cloudflare.com/ajax/libs/slick-carousel/1.6.0/fonts/slick.woff]
[cdnjs.cloudflare.com/ajax/libs/slick-carousel/1.6.0/fonts/slick.ttf]
[cdnjs.cloudflare.com/ajax/libs/slick-carousel/1.6.0/slick-theme.min.css]
[cdnjs.cloudflare.com/ajax/libs/slick-carousel/1.6.0/fonts/slick.svg]
[minia-v-light.react.themesbrand.com/static/js/main.6240b6a9.js]
[minia-v-light.react.themesbrand.com/static/media/fa-brands-400.607a77859353c0cc1882.eot]
[minia-v-light.react.themesbrand.com/static/media/fa-brands-400.607a77859353c0cc1882d41d.eot]
[minia-v-light.react.themesbrand.com/static/media/fa-brands-400.ee26f57bc9e3619b022b.woff]
[minia-v-light.react.themesbrand.com/static/media/fa-brands-400.5818bbd07dfd7095920a.ttf]
[minia-v-light.react.themesbrand.com/static/media/fa-regular-400.0747be4cba2f8600544f.eot]
[minia-v-light.react.themesbrand.com/static/media/fa-regular-400.0747be4cba2f8600544fd41d.eot]
[minia-v-light.react.themesbrand.com/static/media/fa-regular-400.8b892b7904a39e37c53d.woff]
[minia-v-light.react.themesbrand.com/static/media/fa-regular-400.c3146b3524e97475c094.ttf]
[minia-v-light.react.themesbrand.com/static/media/fa-solid-900.7eefe04dc985dd4ad38b.eot]
[minia-v-light.react.themesbrand.com/static/media/fa-solid-900.7eefe04dc985dd4ad38bd41d.eot]
[minia-v-light.react.themesbrand.com/static/media/fa-solid-900.a940d584750708f5435c.woff]
[minia-v-light.react.themesbrand.com/static/media/fa-solid-900.32267f3b4db33a7c85ee.ttf]
[minia-v-light.react.themesbrand.com/static/media/dripicons-v2.7f392f1e4787b46b3e8b.eot]
[minia-v-light.react.themesbrand.com/static/media/dripicons-v2.7f392f1e4787b46b3e8bd41d.eot]
[minia-v-light.react.themesbrand.com/static/media/dripicons-v2.f19dcc0358afed69d277.woff]
[minia-v-light.react.themesbrand.com/static/media/dripicons-v2.09c9c870ef8f9cffcc8f.ttf]
[minia-v-light.react.themesbrand.com/static/media/auth-bg.d63b81f507e131171534.jpg]
[minia-v-light.react.themesbrand.com/static/css/main.ffd6950f.css]
[cdnjs.cloudflare.com/ajax/libs/slick-carousel/1.6.0/fonts/slick.svg]
[minia-v-light.react.themesbrand.com/static/media/fa-brands-400.31015e861aeb30ff8355.html]
[minia-v-light.react.themesbrand.com/static/media/fa-brands-400.3c45c98f6f6c1b009c08.svg]
[minia-v-light.react.themesbrand.com/static/media/fa-regular-400.c52405129ae48097815d.html]
[minia-v-light.react.themesbrand.com/static/media/fa-regular-400.ab47faeab8ddc5f809ec.svg]
[minia-v-light.react.themesbrand.com/static/media/fa-solid-900.9451d5fee89b51a20f8a.html]
[minia-v-light.react.themesbrand.com/static/media/fa-solid-900.18df003f90a7f1313b98.svg]
[minia-v-light.react.themesbrand.com/static/media/dripicons-v2.4cecedd188b606da855d.svg]
