[themeforest.net/item/inst-react-minimalist-graphql-dashboard/25742604.html]
[public-assets.envato-static.com/assets/market/core/datadog-31cd5e61112f0c7c2f9671350fee5cfc4de6155c4c2ed01c6690fdae62d2c099.js]
[public-assets.envato-static.com/assets/market/core/rollbar-a86e443338a6e0f95d27d14cc8449828a6d2579281d3dc368a02c07743ab099c.js]
[themeforest.img.customer.envatousercontent.com/files/304426266/preview.__large_preview8d67.jpg]
[public-assets.envato-static.com/assets/generated_sprites/logos-6f8a015ab6d9602102f6c4dde38bf1a128f2647f20b76023c4793c2d3d86e57c.png]
[public-assets.envato-static.com/assets/generated_sprites/common-14f8bc60470b39265fe5c01e92035209bd04b91cd7da99d59ca3ccd9de5eac62.png]
[backblue.gif]
[fade.gif]
[index.html]
[public-assets.envato-static.com/icons/themeforest.net/apple-touch-icon-72x72-precomposed.png]
[public-assets.envato-static.com/icons/themeforest.net/apple-touch-icon-114x114-precomposed.png]
[public-assets.envato-static.com/icons/themeforest.net/apple-touch-icon-144x144-precomposed.png]
[public-assets.envato-static.com/icons/themeforest.net/apple-touch-icon-precomposed.png]
[public-assets.envato-static.com/assets/market/core/index-b4f78592e3e1c09f603503f7e1f7bac7224266a095a4b756b29c0f84357d523a.css]
[public-assets.envato-static.com/assets/market/pages/default/index-245ba469d76bcbe175c130b32060d337e67a818eb4fd797e515a232f74328cae.css]
[public-assets.envato-static.com/assets/market/core/head-df4183f2f1b84caa8ad6707c533e562f18a9eaae2b2e4d2081cf439c23343ad3.js]
[public-assets.envato-static.com/assets/common/transparent-1px-93ae7d494fad0fb30cbf3ae746a39c4bc7a0f8bbf87fbb587a3f3c01f3c5ce20.png]
[public-assets.envato-static.com/assets/header/items-collage-068b6a0e859dc995a5892aedc327396630e7868b1bc969c219375e4b3db87ca5.jpg]
[themeforest.net/item/inst-react-minimalist-graphql-dashboard/reviews/25742604.html]
[themeforest.net/item/inst-react-minimalist-graphql-dashboard/25742604/comments.html]
[themeforest.net/item/inst-react-minimalist-graphql-dashboard/25742604/support.html]
[s3.envato.com/files/304426265/thumb.png]
[public-assets.envato-static.com/assets/market/core/index-de858795faed7cf9b181b2e8191f4aecf6958d50e04a933c5871e163b88bb379.js]
[public-assets.envato-static.com/assets/market/pages/default/index-a9eebaba086308224ce7394cfa12cd641dded3404d072b9d0ca066b848ad8128.js]
[public-assets.envato-static.com/assets/market/core/lazyload-d32acbbc193ba843927175d43ecdc442a0f9dc9c4f9eca8172c201ca29cd4bab.js]
[consent.cookiebot.com/uc.js]
[themeforest.net/item/inst-react-minimalist-graphql-dashboard/linkid.js]
[www.google-analytics.com/analytics.js]
[public-assets.envato-static.com/assets/market/core/standardised_google_analytics_helpers-2b8a6fa27e72433b3f73ec0da6207cd6ba4198dcef039d50f0c7af222f3d8c30.js]
[themeforest.net/item/inst-react-minimalist-graphql-dashboard/25742604.html]
[public-assets.envato-static.com/assets/common/pagination_loader-7fb337642f4cde133550f90749ee6eeb94b0d56dce6ae041cacc18c2bae22699.gif]
[public-assets.envato-static.com/assets/common/input-validation__pending-f7f21221e917132241ff4a30ef79cbbdaed63c7d79fb49d27a2de6438f19d926.gif]
[public-assets.envato-static.com/assets/generated_sprites/logos_2x-dee9fddeb0e1e4d3a5fdebebe4a22e9dd5e30630eae13e57ec4f4eadeb0cb149.png]
[public-assets.envato-static.com/assets/community-research/bg-community-research-3447f8a81ecbf36c8f7e9d65a715d3211116a250063d0f70c1821ab070889360.jpg]
[public-assets.envato-static.com/assets/badges/bg-badges-a804c2c05cdb87f1867fad1e46488302842cc922e47aad35abc8bbd407774a5b.jpg]
[public-assets.envato-static.com/assets/common/bg-page-section--light-abcc6c499de4e9070b2225ceab7d89532b7c0f6a42a92c8fe571f4478d33c39e.png]
[public-assets.envato-static.com/assets/common/bg-page-section-7b4d85a77f80bc4b4c10505e9cd99407bc9b0db7a5727f3eb639f5bf8368b855.png]
[public-assets.envato-static.com/assets/market/core/index-b4f78592e3e1c09f603503f7e1f7bac7224266a095a4b756b29c0f84357d523a.css]
[public-assets.envato-static.com/assets/homepage_banner-5fd7aa3d7595431c2a83cc50e8d74606f21e3679d7d1d49c64311ffe080dbb82.jpg]
[public-assets.envato-static.com/assets/common/small_loader-790fb7876d594851e7f8d5be7fac7d475a81dc210d84e19a6ec3abaac748716d.gif]
[public-assets.envato-static.com/assets/upload_icons/loading-1eb9e7880f723999a4ed63eece6a6e4d4976833d3c16dc18b4ace3971728ab0d.gif]
[public-assets.envato-static.com/assets/upload_icons/ok-d9b097621d01b6106cfc6b9724590be2f8fc3c7b1c0fbcd982ca3484854a7af7.png]
[public-assets.envato-static.com/assets/upload_icons/transit-a600bec3d0a221e754f75e3c23b1ffe3addb511c6920714acd3bed33126ee5b8.png]
[public-assets.envato-static.com/assets/wordpress-hosting/banner_background-d459c00d30a7faba757e4282e958c32a835a3328f505340eed4b7799d95c813d.jpg]
[public-assets.envato-static.com/assets/earnings-page/blueskies@2x-4d50c518f7c458f31eb9ff7fc498ac2881132383cabd33c329f95967d0c885aa.png]
[public-assets.envato-static.com/assets/earnings-page/spacedata@2x-4f0d87fb79d42db61b4a87a18d0aabead23cf31b809bc9d3bc8abb57bf9af94b.png]
[public-assets.envato-static.com/assets/earnings-page/caveman@2x-435f56cbc23dc504dd639eb3886d5bc86787e794384e4d42bf7bf3ca80c2f488.png]
[public-assets.envato-static.com/assets/common/icons-buttons/warning-7322ae95f242742d9c13e41641cba5982a4162f6cedd476d467ed0edef922f8a.png]
[public-assets.envato-static.com/assets/fancybox/fancybox_sprite-b9d6fddb0988440902fcfc72f371ecfa80ee2eb36073f9eebc17449ee41c886f.png]
[public-assets.envato-static.com/assets/fancybox/fancybox_loading-b8681cce947f5b28ed3181b11601e2470b40811722a49564d1271e7b40015064.gif]
[public-assets.envato-static.com/assets/fancybox/blank-b1442e85b03bdcaf66dc58c7abb98745dd2687d86350be9a298a1d9382ac849b.gif]
[public-assets.envato-static.com/assets/fancybox/fancybox_overlay-a163bab86035b0ba62c98fbbd4d8b4f5edabbbb774eca0b5e9e5081b5711b2ab.png]
[public-assets.envato-static.com/assets/fancybox/fancybox_sprite@2x-6ab68245606bbe6ad87ea3f6a044c93f6c21a07e70924b35b68bfb3786d94cf0.png]
[public-assets.envato-static.com/assets/fancybox/fancybox_loading@2x-73b27f9aeb7bc6ee3c4bd20742382f015efd89981a3706d2a29a50867849629c.gif]
[public-assets.envato-static.com/assets/market/pages/default/index-245ba469d76bcbe175c130b32060d337e67a818eb4fd797e515a232f74328cae.css]
[themeforest.net/item/inst-react-minimalist-graphql-dashboard/reviews/25742604.html]
[themeforest.net/item/inst-react-minimalist-graphql-dashboard/25742604/comments.html]
[themeforest.net/item/inst-react-minimalist-graphql-dashboard/25742604/support.html]
[themeforest.net/item/inst-react-minimalist-graphql-dashboard/linkid.js]
[www.googletagmanager.com/gtm5445.html]
[public-assets.envato-static.com/images/down.png]
